#a == 10 && i + 1 == 3 => (3 == i ->  8 | (3 == i + 1 -> 5 | a[3])) = 5 && True